
R version 4.1.1 (2021-08-10) -- "Kick Things"
Copyright (C) 2021 The R Foundation for Statistical Computing
Platform: x86_64-w64-mingw32/x64 (64-bit)

R is free software and comes with ABSOLUTELY NO WARRANTY.
You are welcome to redistribute it under certain conditions.
Type 'license()' or 'licence()' for distribution details.

  Natural language support but running in an English locale

R is a collaborative project with many contributors.
Type 'contributors()' for more information and
'citation()' on how to cite R or R packages in publications.

Type 'demo()' for some demos, 'help()' for on-line help, or
'help.start()' for an HTML browser interface to help.
Type 'q()' to quit R.

> ##This is a temporary main control file with lots of TODOs to move 
> ##this whole effort to a package with project specific config and run files
> 
> #Rprof()
> 
> #-----------------------
> #Load packages
> #-----------------------
> ##TODO consider local R installation, with predownloaded packages in that library
> library(foreign)
> library(reshape)
Warning message:
package 'reshape' was built under R version 4.1.2 
> library(XLConnect)
XLConnect 1.0.5 by Mirai Solutions GmbH [aut],
  Martin Studer [cre],
  The Apache Software Foundation [ctb, cph] (Apache POI),
  Graph Builder [ctb, cph] (Curvesapi Java library),
  Brett Woolridge [ctb, cph] (SparseBitSet Java library)
https://mirai-solutions.ch
https://github.com/miraisolutions/xlconnect
Warning message:
package 'XLConnect' was built under R version 4.1.2 
> library(descr)
Warning message:
package 'descr' was built under R version 4.1.2 
> library(Hmisc)
Loading required package: lattice
Loading required package: survival
Loading required package: Formula
Loading required package: ggplot2

Attaching package: 'Hmisc'

The following objects are masked from 'package:base':

    format.pval, units

Warning messages:
1: package 'Hmisc' was built under R version 4.1.2 
2: package 'ggplot2' was built under R version 4.1.2 
> library(data.table)

Attaching package: 'data.table'

The following object is masked from 'package:reshape':

    melt

Warning message:
package 'data.table' was built under R version 4.1.2 
> library(plyr)

Attaching package: 'plyr'

The following objects are masked from 'package:Hmisc':

    is.discrete, summarize

The following objects are masked from 'package:reshape':

    rename, round_any

Warning message:
package 'plyr' was built under R version 4.1.2 
> 
> setwd("D:/P3Test/2020baseyear-BKR/BKR1-20/daysim_summaries/bkrcast_all")
> 
> #------------------------------------
> #Source functions and config settings
> #------------------------------------
> source("utilfunc.R")
> #TODO function in package to create template config file in a specified location
> source("daysim_output_config.R")
> 
> progressStart("run DaySim summaries",14)
> 
> #-----------------------
> #Load data
> #-----------------------
> 
> #Geographical correspondence
> countycorr <- fread(tazcountycorr)
> 
> #Load DaySim outputs into Rdata files
> progressNextStep("reading hh data")
> if(runWrkSchLocationChoice | runVehAvailability | runDayPattern | runTourDestination | runTourMode)
+ {
+   if(prepDaySim)
+     readSaveRdata(dshhfile,"dshhdata")
+   if(prepSurvey)
+     readSaveRdata(surveyhhfile,"survhhdata")
+ }
> 
> progressNextStep("reading person data")
> if(runWrkSchLocationChoice | runDayPattern | runTourDestination | runTourMode | runTourTOD | runTripMode | runTripTOD)
+ {
+   if(prepDaySim)
+     readSaveRdata(dsperfile,"dsperdata")
+   if(prepSurvey)
+     readSaveRdata(surveyperfile,"survperdata")
+ }
> 
> progressNextStep("reading person day data")
> if(runDayPattern)
+ {
+   if(prepDaySim)
+     readSaveRdata(dspdayfile,"dspdaydata")
+   if(prepSurvey)
+     readSaveRdata(surveypdayfile,"survpdaydata")
+ }
> 
> progressNextStep("reading person day tour data")
> if(runDayPattern | runTourDestination | runTourMode | runTourTOD | runTripMode)
+ {
+   if(prepDaySim)
+     readSaveRdata(dstourfile,"dstourdata")
+   if(prepSurvey)
+     readSaveRdata(surveytourfile,"survtourdata")
+ }
Error in fread(filename) : 
  File './data/Tour_bkr_new_skim.dat' does not exist or is non-readable. getwd()=='D:/P3Test/2020baseyear-BKR/BKR1-20/daysim_summaries/bkrcast_all'
Calls: readSaveRdata -> assign -> fread
Execution halted
